
> sogra@0.1.0 build
> next build

▲ Next.js 16.2.4 (Turbopack)

  Creating an optimized production build ...
✓ Compiled successfully in 5.8s
  Running TypeScript ...
  Finished TypeScript in 9.4s ...
  Collecting page data using 7 workers ...
  Generating static pages using 7 workers (0/32) ...
prisma:error 
Invalid `prisma.pageContent.findMany()` invocation:


error: Environment variable not found: DATABASE_URL.
  -->  schema.prisma:7
   | 
 6 |   provider = "sqlserver"
 7 |   url      = env("DATABASE_URL")
   | 

Validation Error Count: 1
prisma:error 
Invalid `prisma.banner.findMany()` invocation:


error: Environment variable not found: DATABASE_URL.
  -->  schema.prisma:7
   | 
 6 |   provider = "sqlserver"
 7 |   url      = env("DATABASE_URL")
   | 

Validation Error Count: 1
prisma:error 
Invalid `prisma.promotion.findMany()` invocation:


error: Environment variable not found: DATABASE_URL.
  -->  schema.prisma:7
   | 
 6 |   provider = "sqlserver"
 7 |   url      = env("DATABASE_URL")
   | 

Validation Error Count: 1
prisma:error 
Invalid `prisma.siteSettings.findFirst()` invocation:


error: Environment variable not found: DATABASE_URL.
  -->  schema.prisma:7
   | 
 6 |   provider = "sqlserver"
 7 |   url      = env("DATABASE_URL")
   | 

Validation Error Count: 1
prisma:error 
Invalid `prisma.businessHour.findMany()` invocation:


error: Environment variable not found: DATABASE_URL.
  -->  schema.prisma:7
   | 
 6 |   provider = "sqlserver"
 7 |   url      = env("DATABASE_URL")
   | 

Validation Error Count: 1
prisma:error 
Invalid `prisma.timeOff.findMany()` invocation:


error: Environment variable not found: DATABASE_URL.
  -->  schema.prisma:7
   | 
 6 |   provider = "sqlserver"
 7 |   url      = env("DATABASE_URL")
   | 

Validation Error Count: 1
prisma:error 
Invalid `prisma.professional.findMany()` invocation:


error: Environment variable not found: DATABASE_URL.
  -->  schema.prisma:7
   | 
 6 |   provider = "sqlserver"
 7 |   url      = env("DATABASE_URL")
   | 

Validation Error Count: 1
prisma:error 
Invalid `prisma.siteSettings.findFirst()` invocation:


error: Environment variable not found: DATABASE_URL.
  -->  schema.prisma:7
   | 
 6 |   provider = "sqlserver"
 7 |   url      = env("DATABASE_URL")
   | 

Validation Error Count: 1
prisma:error 
Invalid `prisma.professional.findMany()` invocation:


error: Environment variable not found: DATABASE_URL.
  -->  schema.prisma:7
   | 
 6 |   provider = "sqlserver"
 7 |   url      = env("DATABASE_URL")
   | 

Validation Error Count: 1
prisma:error 
Invalid `prisma.service.findMany()` invocation:


error: Environment variable not found: DATABASE_URL.
  -->  schema.prisma:7
   | 
 6 |   provider = "sqlserver"
 7 |   url      = env("DATABASE_URL")
   | 

Validation Error Count: 1
prisma:error 
Invalid `prisma.siteSettings.findFirst()` invocation:


error: Environment variable not found: DATABASE_URL.
  -->  schema.prisma:7
   | 
 6 |   provider = "sqlserver"
 7 |   url      = env("DATABASE_URL")
   | 

Validation Error Count: 1
prisma:error 
Invalid `prisma.faqItem.findMany()` invocation:


error: Environment variable not found: DATABASE_URL.
  -->  schema.prisma:7
   | 
 6 |   provider = "sqlserver"
 7 |   url      = env("DATABASE_URL")
   | 

Validation Error Count: 1
prisma:error 
Invalid `prisma.siteSettings.findFirst()` invocation:


error: Environment variable not found: DATABASE_URL.
  -->  schema.prisma:7
   | 
 6 |   provider = "sqlserver"
 7 |   url      = env("DATABASE_URL")
   | 

Validation Error Count: 1
prisma:error 
Invalid `prisma.galleryItem.findMany()` invocation:


error: Environment variable not found: DATABASE_URL.
  -->  schema.prisma:7
   | 
 6 |   provider = "sqlserver"
 7 |   url      = env("DATABASE_URL")
   | 

Validation Error Count: 1
prisma:error 
Invalid `prisma.mediaAsset.findMany()` invocation:


error: Environment variable not found: DATABASE_URL.
  -->  schema.prisma:7
   | 
 6 |   provider = "sqlserver"
 7 |   url      = env("DATABASE_URL")
   | 

Validation Error Count: 1
prisma:error 
Invalid `prisma.siteSettings.findFirst()` invocation:


error: Environment variable not found: DATABASE_URL.
  -->  schema.prisma:7
   | 
 6 |   provider = "sqlserver"
 7 |   url      = env("DATABASE_URL")
   | 

Validation Error Count: 1
prisma:error 
Invalid `prisma.siteSettings.findFirst()` invocation:


error: Environment variable not found: DATABASE_URL.
  -->  schema.prisma:7
   | 
 6 |   provider = "sqlserver"
 7 |   url      = env("DATABASE_URL")
   | 

Validation Error Count: 1
prisma:error 
Invalid `prisma.siteSettings.findFirst()` invocation:


error: Environment variable not found: DATABASE_URL.
  -->  schema.prisma:7
   | 
 6 |   provider = "sqlserver"
 7 |   url      = env("DATABASE_URL")
   | 

Validation Error Count: 1
prisma:error 
Invalid `prisma.appointment.count()` invocation:


error: Environment variable not found: DATABASE_URL.
  -->  schema.prisma:7
   | 
 6 |   provider = "sqlserver"
 7 |   url      = env("DATABASE_URL")
   | 

Validation Error Count: 1
prisma:error 
Invalid `prisma.customer.count()` invocation:


error: Environment variable not found: DATABASE_URL.
  -->  schema.prisma:7
   | 
 6 |   provider = "sqlserver"
 7 |   url      = env("DATABASE_URL")
   | 

Validation Error Count: 1
prisma:error 
Invalid `prisma.service.count()` invocation:


error: Environment variable not found: DATABASE_URL.
  -->  schema.prisma:7
   | 
 6 |   provider = "sqlserver"
 7 |   url      = env("DATABASE_URL")
   | 

Validation Error Count: 1
prisma:error 
Invalid `prisma.professional.count()` invocation:


error: Environment variable not found: DATABASE_URL.
  -->  schema.prisma:7
   | 
 6 |   provider = "sqlserver"
 7 |   url      = env("DATABASE_URL")
   | 

Validation Error Count: 1
prisma:error 
Invalid `prisma.contactMessage.count()` invocation:


error: Environment variable not found: DATABASE_URL.
  -->  schema.prisma:7
   | 
 6 |   provider = "sqlserver"
 7 |   url      = env("DATABASE_URL")
   | 

Validation Error Count: 1
prisma:error 
Invalid `prisma.siteSettings.findFirst()` invocation:


error: Environment variable not found: DATABASE_URL.
  -->  schema.prisma:7
   | 
 6 |   provider = "sqlserver"
 7 |   url      = env("DATABASE_URL")
   | 

Validation Error Count: 1
⚠ metadataBase property in metadata export is not set for resolving social open graph or twitter images, using "http://localhost:3000". See https://nextjs.org/docs/app/api-reference/functions/generate-metadata#metadatabase
prisma:error 
Invalid `prisma.siteSettings.findFirst()` invocation:


error: Environment variable not found: DATABASE_URL.
  -->  schema.prisma:7
   | 
 6 |   provider = "sqlserver"
 7 |   url      = env("DATABASE_URL")
   | 

Validation Error Count: 1
prisma:error 
Invalid `prisma.siteSettings.findFirst()` invocation:


error: Environment variable not found: DATABASE_URL.
  -->  schema.prisma:7
   | 
 6 |   provider = "sqlserver"
 7 |   url      = env("DATABASE_URL")
   | 

Validation Error Count: 1
prisma:error 
Invalid `prisma.businessHour.findMany()` invocation:


error: Environment variable not found: DATABASE_URL.
  -->  schema.prisma:7
   | 
 6 |   provider = "sqlserver"
 7 |   url      = env("DATABASE_URL")
   | 

Validation Error Count: 1
prisma:error 
Invalid `prisma.siteSettings.findFirst()` invocation:


error: Environment variable not found: DATABASE_URL.
  -->  schema.prisma:7
   | 
 6 |   provider = "sqlserver"
 7 |   url      = env("DATABASE_URL")
   | 

Validation Error Count: 1
prisma:error 
Invalid `prisma.siteSettings.findFirst()` invocation:


error: Environment variable not found: DATABASE_URL.
  -->  schema.prisma:7
   | 
 6 |   provider = "sqlserver"
 7 |   url      = env("DATABASE_URL")
   | 

Validation Error Count: 1
prisma:error 
Invalid `prisma.siteSettings.findFirst()` invocation:


error: Environment variable not found: DATABASE_URL.
  -->  schema.prisma:7
   | 
 6 |   provider = "sqlserver"
 7 |   url      = env("DATABASE_URL")
   | 

Validation Error Count: 1
prisma:error 
Invalid `prisma.siteSettings.findFirst()` invocation:


error: Environment variable not found: DATABASE_URL.
  -->  schema.prisma:7
   | 
 6 |   provider = "sqlserver"
 7 |   url      = env("DATABASE_URL")
   | 

Validation Error Count: 1
prisma:error 
Invalid `prisma.businessHour.findMany()` invocation:


error: Environment variable not found: DATABASE_URL.
  -->  schema.prisma:7
   | 
 6 |   provider = "sqlserver"
 7 |   url      = env("DATABASE_URL")
   | 

Validation Error Count: 1
prisma:error 
Invalid `prisma.siteSettings.findFirst()` invocation:


error: Environment variable not found: DATABASE_URL.
  -->  schema.prisma:7
   | 
 6 |   provider = "sqlserver"
 7 |   url      = env("DATABASE_URL")
   | 

Validation Error Count: 1
prisma:error 
Invalid `prisma.pageContent.findMany()` invocation:


error: Environment variable not found: DATABASE_URL.
  -->  schema.prisma:7
   | 
 6 |   provider = "sqlserver"
 7 |   url      = env("DATABASE_URL")
   | 

Validation Error Count: 1
prisma:error 
Invalid `prisma.siteSettings.findFirst()` invocation:


error: Environment variable not found: DATABASE_URL.
  -->  schema.prisma:7
   | 
 6 |   provider = "sqlserver"
 7 |   url      = env("DATABASE_URL")
   | 

Validation Error Count: 1
prisma:error 
Invalid `prisma.siteSettings.findFirst()` invocation:


error: Environment variable not found: DATABASE_URL.
  -->  schema.prisma:7
   | 
 6 |   provider = "sqlserver"
 7 |   url      = env("DATABASE_URL")
   | 

Validation Error Count: 1
prisma:error 
Invalid `prisma.siteSettings.findFirst()` invocation:


error: Environment variable not found: DATABASE_URL.
  -->  schema.prisma:7
   | 
 6 |   provider = "sqlserver"
 7 |   url      = env("DATABASE_URL")
   | 

Validation Error Count: 1
prisma:error 
Invalid `prisma.siteSettings.findFirst()` invocation:


error: Environment variable not found: DATABASE_URL.
  -->  schema.prisma:7
   | 
 6 |   provider = "sqlserver"
 7 |   url      = env("DATABASE_URL")
   | 

Validation Error Count: 1
prisma:error 
Invalid `prisma.businessHour.findMany()` invocation:


error: Environment variable not found: DATABASE_URL.
  -->  schema.prisma:7
   | 
 6 |   provider = "sqlserver"
 7 |   url      = env("DATABASE_URL")
   | 

Validation Error Count: 1
prisma:error 
Invalid `prisma.pageContent.findMany()` invocation:


error: Environment variable not found: DATABASE_URL.
  -->  schema.prisma:7
   | 
 6 |   provider = "sqlserver"
 7 |   url      = env("DATABASE_URL")
   | 

Validation Error Count: 1
prisma:error 
Invalid `prisma.faqItem.findMany()` invocation:


error: Environment variable not found: DATABASE_URL.
  -->  schema.prisma:7
   | 
 6 |   provider = "sqlserver"
 7 |   url      = env("DATABASE_URL")
   | 

Validation Error Count: 1
prisma:error 
Invalid `prisma.siteSettings.findFirst()` invocation:


error: Environment variable not found: DATABASE_URL.
  -->  schema.prisma:7
   | 
 6 |   provider = "sqlserver"
 7 |   url      = env("DATABASE_URL")
   | 

Validation Error Count: 1
prisma:error 
Invalid `prisma.siteSettings.findFirst()` invocation:


error: Environment variable not found: DATABASE_URL.
  -->  schema.prisma:7
   | 
 6 |   provider = "sqlserver"
 7 |   url      = env("DATABASE_URL")
   | 

Validation Error Count: 1
prisma:error 
Invalid `prisma.siteSettings.findFirst()` invocation:


error: Environment variable not found: DATABASE_URL.
  -->  schema.prisma:7
   | 
 6 |   provider = "sqlserver"
 7 |   url      = env("DATABASE_URL")
   | 

Validation Error Count: 1
prisma:error 
Invalid `prisma.siteSettings.findFirst()` invocation:


error: Environment variable not found: DATABASE_URL.
  -->  schema.prisma:7
   | 
 6 |   provider = "sqlserver"
 7 |   url      = env("DATABASE_URL")
   | 

Validation Error Count: 1
prisma:error 
Invalid `prisma.businessHour.findMany()` invocation:


error: Environment variable not found: DATABASE_URL.
  -->  schema.prisma:7
   | 
 6 |   provider = "sqlserver"
 7 |   url      = env("DATABASE_URL")
   | 

Validation Error Count: 1
prisma:error 
Invalid `prisma.pageContent.findMany()` invocation:


error: Environment variable not found: DATABASE_URL.
  -->  schema.prisma:7
   | 
 6 |   provider = "sqlserver"
 7 |   url      = env("DATABASE_URL")
   | 

Validation Error Count: 1
prisma:error 
Invalid `prisma.galleryItem.findMany()` invocation:


error: Environment variable not found: DATABASE_URL.
  -->  schema.prisma:7
   | 
 6 |   provider = "sqlserver"
 7 |   url      = env("DATABASE_URL")
   | 

Validation Error Count: 1
prisma:error 
Invalid `prisma.siteSettings.findFirst()` invocation:


error: Environment variable not found: DATABASE_URL.
  -->  schema.prisma:7
   | 
 6 |   provider = "sqlserver"
 7 |   url      = env("DATABASE_URL")
   | 

Validation Error Count: 1
prisma:error 
Invalid `prisma.siteSettings.findFirst()` invocation:


error: Environment variable not found: DATABASE_URL.
  -->  schema.prisma:7
   | 
 6 |   provider = "sqlserver"
 7 |   url      = env("DATABASE_URL")
   | 

Validation Error Count: 1
prisma:error 
Invalid `prisma.siteSettings.findFirst()` invocation:


error: Environment variable not found: DATABASE_URL.
  -->  schema.prisma:7
   | 
 6 |   provider = "sqlserver"
 7 |   url      = env("DATABASE_URL")
   | 

Validation Error Count: 1
prisma:error 
Invalid `prisma.siteSettings.findFirst()` invocation:


error: Environment variable not found: DATABASE_URL.
  -->  schema.prisma:7
   | 
 6 |   provider = "sqlserver"
 7 |   url      = env("DATABASE_URL")
   | 

Validation Error Count: 1
prisma:error 
Invalid `prisma.businessHour.findMany()` invocation:


error: Environment variable not found: DATABASE_URL.
  -->  schema.prisma:7
   | 
 6 |   provider = "sqlserver"
 7 |   url      = env("DATABASE_URL")
   | 

Validation Error Count: 1
prisma:error 
Invalid `prisma.serviceCategory.findMany()` invocation:


error: Environment variable not found: DATABASE_URL.
  -->  schema.prisma:7
   | 
 6 |   provider = "sqlserver"
 7 |   url      = env("DATABASE_URL")
   | 

Validation Error Count: 1
prisma:error 
Invalid `prisma.professional.findMany()` invocation:


error: Environment variable not found: DATABASE_URL.
  -->  schema.prisma:7
   | 
 6 |   provider = "sqlserver"
 7 |   url      = env("DATABASE_URL")
   | 

Validation Error Count: 1
prisma:error 
Invalid `prisma.siteSettings.findFirst()` invocation:


error: Environment variable not found: DATABASE_URL.
  -->  schema.prisma:7
   | 
 6 |   provider = "sqlserver"
 7 |   url      = env("DATABASE_URL")
   | 

Validation Error Count: 1
prisma:error 
Invalid `prisma.siteSettings.findFirst()` invocation:


error: Environment variable not found: DATABASE_URL.
  -->  schema.prisma:7
   | 
 6 |   provider = "sqlserver"
 7 |   url      = env("DATABASE_URL")
   | 

Validation Error Count: 1
prisma:error 
Invalid `prisma.siteSettings.findFirst()` invocation:


error: Environment variable not found: DATABASE_URL.
  -->  schema.prisma:7
   | 
 6 |   provider = "sqlserver"
 7 |   url      = env("DATABASE_URL")
   | 

Validation Error Count: 1
⚠ metadataBase property in metadata export is not set for resolving social open graph or twitter images, using "http://localhost:3000". See https://nextjs.org/docs/app/api-reference/functions/generate-metadata#metadatabase
  Generating static pages using 7 workers (8/32) 
prisma:error 
Invalid `prisma.pageContent.findMany()` invocation:


error: Environment variable not found: DATABASE_URL.
  -->  schema.prisma:7
   | 
 6 |   provider = "sqlserver"
 7 |   url      = env("DATABASE_URL")
   | 

Validation Error Count: 1
prisma:error 
Invalid `prisma.pageContent.findMany()` invocation:


error: Environment variable not found: DATABASE_URL.
  -->  schema.prisma:7
   | 
 6 |   provider = "sqlserver"
 7 |   url      = env("DATABASE_URL")
   | 

Validation Error Count: 1
prisma:error 
Invalid `prisma.pageContent.findMany()` invocation:


error: Environment variable not found: DATABASE_URL.
  -->  schema.prisma:7
   | 
 6 |   provider = "sqlserver"
 7 |   url      = env("DATABASE_URL")
   | 

Validation Error Count: 1
prisma:error 
Invalid `prisma.pageContent.findMany()` invocation:


error: Environment variable not found: DATABASE_URL.
  -->  schema.prisma:7
   | 
 6 |   provider = "sqlserver"
 7 |   url      = env("DATABASE_URL")
   | 

Validation Error Count: 1
prisma:error 
Invalid `prisma.siteSettings.findFirst()` invocation:


error: Environment variable not found: DATABASE_URL.
  -->  schema.prisma:7
   | 
 6 |   provider = "sqlserver"
 7 |   url      = env("DATABASE_URL")
   | 

Validation Error Count: 1
prisma:error 
Invalid `prisma.siteSettings.findFirst()` invocation:


error: Environment variable not found: DATABASE_URL.
  -->  schema.prisma:7
   | 
 6 |   provider = "sqlserver"
 7 |   url      = env("DATABASE_URL")
   | 

Validation Error Count: 1
prisma:error 
Invalid `prisma.businessHour.findMany()` invocation:


error: Environment variable not found: DATABASE_URL.
  -->  schema.prisma:7
   | 
 6 |   provider = "sqlserver"
 7 |   url      = env("DATABASE_URL")
   | 

Validation Error Count: 1
prisma:error 
Invalid `prisma.siteSettings.findFirst()` invocation:


error: Environment variable not found: DATABASE_URL.
  -->  schema.prisma:7
   | 
 6 |   provider = "sqlserver"
 7 |   url      = env("DATABASE_URL")
   | 

Validation Error Count: 1
prisma:error 
Invalid `prisma.pageContent.findMany()` invocation:


error: Environment variable not found: DATABASE_URL.
  -->  schema.prisma:7
   | 
 6 |   provider = "sqlserver"
 7 |   url      = env("DATABASE_URL")
   | 

Validation Error Count: 1
prisma:error 
Invalid `prisma.pageContent.findMany()` invocation:


error: Environment variable not found: DATABASE_URL.
  -->  schema.prisma:7
   | 
 6 |   provider = "sqlserver"
 7 |   url      = env("DATABASE_URL")
   | 

Validation Error Count: 1
prisma:error 
Invalid `prisma.banner.findMany()` invocation:


error: Environment variable not found: DATABASE_URL.
  -->  schema.prisma:7
   | 
 6 |   provider = "sqlserver"
 7 |   url      = env("DATABASE_URL")
   | 

Validation Error Count: 1
prisma:error 
Invalid `prisma.serviceCategory.findMany()` invocation:


error: Environment variable not found: DATABASE_URL.
  -->  schema.prisma:7
   | 
 6 |   provider = "sqlserver"
 7 |   url      = env("DATABASE_URL")
   | 

Validation Error Count: 1
prisma:error 
Invalid `prisma.galleryItem.findMany()` invocation:


error: Environment variable not found: DATABASE_URL.
  -->  schema.prisma:7
   | 
 6 |   provider = "sqlserver"
 7 |   url      = env("DATABASE_URL")
   | 

Validation Error Count: 1
prisma:error 
Invalid `prisma.testimonial.findMany()` invocation:


error: Environment variable not found: DATABASE_URL.
  -->  schema.prisma:7
   | 
 6 |   provider = "sqlserver"
 7 |   url      = env("DATABASE_URL")
   | 

Validation Error Count: 1
prisma:error 
Invalid `prisma.promotion.findMany()` invocation:


error: Environment variable not found: DATABASE_URL.
  -->  schema.prisma:7
   | 
 6 |   provider = "sqlserver"
 7 |   url      = env("DATABASE_URL")
   | 

Validation Error Count: 1
prisma:error 
Invalid `prisma.faqItem.findMany()` invocation:


error: Environment variable not found: DATABASE_URL.
  -->  schema.prisma:7
   | 
 6 |   provider = "sqlserver"
 7 |   url      = env("DATABASE_URL")
   | 

Validation Error Count: 1
prisma:error 
Invalid `prisma.professional.findMany()` invocation:


error: Environment variable not found: DATABASE_URL.
  -->  schema.prisma:7
   | 
 6 |   provider = "sqlserver"
 7 |   url      = env("DATABASE_URL")
   | 

Validation Error Count: 1
prisma:error 
Invalid `prisma.businessHour.findMany()` invocation:


error: Environment variable not found: DATABASE_URL.
  -->  schema.prisma:7
   | 
 6 |   provider = "sqlserver"
 7 |   url      = env("DATABASE_URL")
   | 

Validation Error Count: 1
prisma:error 
Invalid `prisma.siteSettings.findFirst()` invocation:


error: Environment variable not found: DATABASE_URL.
  -->  schema.prisma:7
   | 
 6 |   provider = "sqlserver"
 7 |   url      = env("DATABASE_URL")
   | 

Validation Error Count: 1
prisma:error 
Invalid `prisma.siteSettings.findFirst()` invocation:


error: Environment variable not found: DATABASE_URL.
  -->  schema.prisma:7
   | 
 6 |   provider = "sqlserver"
 7 |   url      = env("DATABASE_URL")
   | 

Validation Error Count: 1
prisma:error 
Invalid `prisma.serviceCategory.findMany()` invocation:


error: Environment variable not found: DATABASE_URL.
  -->  schema.prisma:7
   | 
 6 |   provider = "sqlserver"
 7 |   url      = env("DATABASE_URL")
   | 

Validation Error Count: 1
prisma:error 
Invalid `prisma.service.findMany()` invocation:


error: Environment variable not found: DATABASE_URL.
  -->  schema.prisma:7
   | 
 6 |   provider = "sqlserver"
 7 |   url      = env("DATABASE_URL")
   | 

Validation Error Count: 1
prisma:error 
Invalid `prisma.siteSettings.findFirst()` invocation:


error: Environment variable not found: DATABASE_URL.
  -->  schema.prisma:7
   | 
 6 |   provider = "sqlserver"
 7 |   url      = env("DATABASE_URL")
   | 

Validation Error Count: 1
prisma:error 
Invalid `prisma.testimonial.findMany()` invocation:


error: Environment variable not found: DATABASE_URL.
  -->  schema.prisma:7
   | 
 6 |   provider = "sqlserver"
 7 |   url      = env("DATABASE_URL")
   | 

Validation Error Count: 1
prisma:error 
Invalid `prisma.siteSettings.findFirst()` invocation:


error: Environment variable not found: DATABASE_URL.
  -->  schema.prisma:7
   | 
 6 |   provider = "sqlserver"
 7 |   url      = env("DATABASE_URL")
   | 

Validation Error Count: 1
prisma:error 
Invalid `prisma.adminUser.findMany()` invocation:


error: Environment variable not found: DATABASE_URL.
  -->  schema.prisma:7
   | 
 6 |   provider = "sqlserver"
 7 |   url      = env("DATABASE_URL")
   | 

Validation Error Count: 1
prisma:error 
Invalid `prisma.siteSettings.findFirst()` invocation:


error: Environment variable not found: DATABASE_URL.
  -->  schema.prisma:7
   | 
 6 |   provider = "sqlserver"
 7 |   url      = env("DATABASE_URL")
   | 

Validation Error Count: 1
prisma:error 
Invalid `prisma.pageContent.findMany()` invocation:


error: Environment variable not found: DATABASE_URL.
  -->  schema.prisma:7
   | 
 6 |   provider = "sqlserver"
 7 |   url      = env("DATABASE_URL")
   | 

Validation Error Count: 1
  Generating static pages using 7 workers (16/32) 
  Generating static pages using 7 workers (24/32) 
prisma:error 
Invalid `prisma.siteSettings.findFirst()` invocation:


error: Environment variable not found: DATABASE_URL.
  -->  schema.prisma:7
   | 
 6 |   provider = "sqlserver"
 7 |   url      = env("DATABASE_URL")
   | 

Validation Error Count: 1
prisma:error 
Invalid `prisma.siteSettings.findFirst()` invocation:


error: Environment variable not found: DATABASE_URL.
  -->  schema.prisma:7
   | 
 6 |   provider = "sqlserver"
 7 |   url      = env("DATABASE_URL")
   | 

Validation Error Count: 1
prisma:error 
Invalid `prisma.businessHour.findMany()` invocation:


error: Environment variable not found: DATABASE_URL.
  -->  schema.prisma:7
   | 
 6 |   provider = "sqlserver"
 7 |   url      = env("DATABASE_URL")
   | 

Validation Error Count: 1
prisma:error 
Invalid `prisma.pageContent.findMany()` invocation:


error: Environment variable not found: DATABASE_URL.
  -->  schema.prisma:7
   | 
 6 |   provider = "sqlserver"
 7 |   url      = env("DATABASE_URL")
   | 

Validation Error Count: 1
prisma:error 
Invalid `prisma.serviceCategory.findMany()` invocation:


error: Environment variable not found: DATABASE_URL.
  -->  schema.prisma:7
   | 
 6 |   provider = "sqlserver"
 7 |   url      = env("DATABASE_URL")
   | 

Validation Error Count: 1
prisma:error 
Invalid `prisma.siteSettings.findFirst()` invocation:


error: Environment variable not found: DATABASE_URL.
  -->  schema.prisma:7
   | 
 6 |   provider = "sqlserver"
 7 |   url      = env("DATABASE_URL")
   | 

Validation Error Count: 1
prisma:error 
Invalid `prisma.siteSettings.findFirst()` invocation:


error: Environment variable not found: DATABASE_URL.
  -->  schema.prisma:7
   | 
 6 |   provider = "sqlserver"
 7 |   url      = env("DATABASE_URL")
   | 

Validation Error Count: 1
prisma:error 
Invalid `prisma.siteSettings.findFirst()` invocation:


error: Environment variable not found: DATABASE_URL.
  -->  schema.prisma:7
   | 
 6 |   provider = "sqlserver"
 7 |   url      = env("DATABASE_URL")
   | 

Validation Error Count: 1
prisma:error 
Invalid `prisma.siteSettings.findFirst()` invocation:


error: Environment variable not found: DATABASE_URL.
  -->  schema.prisma:7
   | 
 6 |   provider = "sqlserver"
 7 |   url      = env("DATABASE_URL")
   | 

Validation Error Count: 1
prisma:error 
Invalid `prisma.businessHour.findMany()` invocation:


error: Environment variable not found: DATABASE_URL.
  -->  schema.prisma:7
   | 
 6 |   provider = "sqlserver"
 7 |   url      = env("DATABASE_URL")
   | 

Validation Error Count: 1
prisma:error 
Invalid `prisma.pageContent.findMany()` invocation:


error: Environment variable not found: DATABASE_URL.
  -->  schema.prisma:7
   | 
 6 |   provider = "sqlserver"
 7 |   url      = env("DATABASE_URL")
   | 

Validation Error Count: 1
prisma:error 
Invalid `prisma.siteSettings.findFirst()` invocation:


error: Environment variable not found: DATABASE_URL.
  -->  schema.prisma:7
   | 
 6 |   provider = "sqlserver"
 7 |   url      = env("DATABASE_URL")
   | 

Validation Error Count: 1
prisma:error 
Invalid `prisma.siteSettings.findFirst()` invocation:


error: Environment variable not found: DATABASE_URL.
  -->  schema.prisma:7
   | 
 6 |   provider = "sqlserver"
 7 |   url      = env("DATABASE_URL")
   | 

Validation Error Count: 1
prisma:error 
Invalid `prisma.siteSettings.findFirst()` invocation:


error: Environment variable not found: DATABASE_URL.
  -->  schema.prisma:7
   | 
 6 |   provider = "sqlserver"
 7 |   url      = env("DATABASE_URL")
   | 

Validation Error Count: 1
prisma:error 
Invalid `prisma.siteSettings.findFirst()` invocation:


error: Environment variable not found: DATABASE_URL.
  -->  schema.prisma:7
   | 
 6 |   provider = "sqlserver"
 7 |   url      = env("DATABASE_URL")
   | 

Validation Error Count: 1
prisma:error 
Invalid `prisma.businessHour.findMany()` invocation:


error: Environment variable not found: DATABASE_URL.
  -->  schema.prisma:7
   | 
 6 |   provider = "sqlserver"
 7 |   url      = env("DATABASE_URL")
   | 

Validation Error Count: 1
prisma:error 
Invalid `prisma.pageContent.findMany()` invocation:


error: Environment variable not found: DATABASE_URL.
  -->  schema.prisma:7
   | 
 6 |   provider = "sqlserver"
 7 |   url      = env("DATABASE_URL")
   | 

Validation Error Count: 1
prisma:error 
Invalid `prisma.pageContent.findMany()` invocation:


error: Environment variable not found: DATABASE_URL.
  -->  schema.prisma:7
   | 
 6 |   provider = "sqlserver"
 7 |   url      = env("DATABASE_URL")
   | 

Validation Error Count: 1
prisma:error 
Invalid `prisma.professional.findMany()` invocation:


error: Environment variable not found: DATABASE_URL.
  -->  schema.prisma:7
   | 
 6 |   provider = "sqlserver"
 7 |   url      = env("DATABASE_URL")
   | 

Validation Error Count: 1
prisma:error 
Invalid `prisma.siteSettings.findFirst()` invocation:


error: Environment variable not found: DATABASE_URL.
  -->  schema.prisma:7
   | 
 6 |   provider = "sqlserver"
 7 |   url      = env("DATABASE_URL")
   | 

Validation Error Count: 1
prisma:error 
Invalid `prisma.siteSettings.findFirst()` invocation:


error: Environment variable not found: DATABASE_URL.
  -->  schema.prisma:7
   | 
 6 |   provider = "sqlserver"
 7 |   url      = env("DATABASE_URL")
   | 

Validation Error Count: 1
prisma:error 
Invalid `prisma.siteSettings.findFirst()` invocation:


error: Environment variable not found: DATABASE_URL.
  -->  schema.prisma:7
   | 
 6 |   provider = "sqlserver"
 7 |   url      = env("DATABASE_URL")
   | 

Validation Error Count: 1
prisma:error 
Invalid `prisma.siteSettings.findFirst()` invocation:


error: Environment variable not found: DATABASE_URL.
  -->  schema.prisma:7
   | 
 6 |   provider = "sqlserver"
 7 |   url      = env("DATABASE_URL")
   | 

Validation Error Count: 1
prisma:error 
Invalid `prisma.businessHour.findMany()` invocation:


error: Environment variable not found: DATABASE_URL.
  -->  schema.prisma:7
   | 
 6 |   provider = "sqlserver"
 7 |   url      = env("DATABASE_URL")
   | 

Validation Error Count: 1
prisma:error 
Invalid `prisma.pageContent.findMany()` invocation:


error: Environment variable not found: DATABASE_URL.
  -->  schema.prisma:7
   | 
 6 |   provider = "sqlserver"
 7 |   url      = env("DATABASE_URL")
   | 

Validation Error Count: 1
prisma:error 
Invalid `prisma.siteSettings.findFirst()` invocation:


error: Environment variable not found: DATABASE_URL.
  -->  schema.prisma:7
   | 
 6 |   provider = "sqlserver"
 7 |   url      = env("DATABASE_URL")
   | 

Validation Error Count: 1
prisma:error 
Invalid `prisma.siteSettings.findFirst()` invocation:


error: Environment variable not found: DATABASE_URL.
  -->  schema.prisma:7
   | 
 6 |   provider = "sqlserver"
 7 |   url      = env("DATABASE_URL")
   | 

Validation Error Count: 1
prisma:error 
Invalid `prisma.siteSettings.findFirst()` invocation:


error: Environment variable not found: DATABASE_URL.
  -->  schema.prisma:7
   | 
 6 |   provider = "sqlserver"
 7 |   url      = env("DATABASE_URL")
   | 

Validation Error Count: 1
prisma:error 
Invalid `prisma.siteSettings.findFirst()` invocation:


error: Environment variable not found: DATABASE_URL.
  -->  schema.prisma:7
   | 
 6 |   provider = "sqlserver"
 7 |   url      = env("DATABASE_URL")
   | 

Validation Error Count: 1
prisma:error 
Invalid `prisma.businessHour.findMany()` invocation:


error: Environment variable not found: DATABASE_URL.
  -->  schema.prisma:7
   | 
 6 |   provider = "sqlserver"
 7 |   url      = env("DATABASE_URL")
   | 

Validation Error Count: 1
prisma:error 
Invalid `prisma.pageContent.findMany()` invocation:


error: Environment variable not found: DATABASE_URL.
  -->  schema.prisma:7
   | 
 6 |   provider = "sqlserver"
 7 |   url      = env("DATABASE_URL")
   | 

Validation Error Count: 1
prisma:error 
Invalid `prisma.testimonial.findMany()` invocation:


error: Environment variable not found: DATABASE_URL.
  -->  schema.prisma:7
   | 
 6 |   provider = "sqlserver"
 7 |   url      = env("DATABASE_URL")
   | 

Validation Error Count: 1
prisma:error 
Invalid `prisma.siteSettings.findFirst()` invocation:


error: Environment variable not found: DATABASE_URL.
  -->  schema.prisma:7
   | 
 6 |   provider = "sqlserver"
 7 |   url      = env("DATABASE_URL")
   | 

Validation Error Count: 1
prisma:error 
Invalid `prisma.siteSettings.findFirst()` invocation:


error: Environment variable not found: DATABASE_URL.
  -->  schema.prisma:7
   | 
 6 |   provider = "sqlserver"
 7 |   url      = env("DATABASE_URL")
   | 

Validation Error Count: 1
prisma:error 
Invalid `prisma.customer.findMany()` invocation:


error: Environment variable not found: DATABASE_URL.
  -->  schema.prisma:7
   | 
 6 |   provider = "sqlserver"
 7 |   url      = env("DATABASE_URL")
   | 

Validation Error Count: 1
prisma:error 
Invalid `prisma.siteSettings.findFirst()` invocation:


error: Environment variable not found: DATABASE_URL.
  -->  schema.prisma:7
   | 
 6 |   provider = "sqlserver"
 7 |   url      = env("DATABASE_URL")
   | 

Validation Error Count: 1
prisma:error 
Invalid `prisma.siteSettings.findFirst()` invocation:


error: Environment variable not found: DATABASE_URL.
  -->  schema.prisma:7
   | 
 6 |   provider = "sqlserver"
 7 |   url      = env("DATABASE_URL")
   | 

Validation Error Count: 1
prisma:error 
Invalid `prisma.siteSettings.findFirst()` invocation:


error: Environment variable not found: DATABASE_URL.
  -->  schema.prisma:7
   | 
 6 |   provider = "sqlserver"
 7 |   url      = env("DATABASE_URL")
   | 

Validation Error Count: 1
prisma:error 
Invalid `prisma.contactMessage.findMany()` invocation:


error: Environment variable not found: DATABASE_URL.
  -->  schema.prisma:7
   | 
 6 |   provider = "sqlserver"
 7 |   url      = env("DATABASE_URL")
   | 

Validation Error Count: 1
prisma:error 
Invalid `prisma.siteSettings.findFirst()` invocation:


error: Environment variable not found: DATABASE_URL.
  -->  schema.prisma:7
   | 
 6 |   provider = "sqlserver"
 7 |   url      = env("DATABASE_URL")
   | 

Validation Error Count: 1
prisma:error 
Invalid `prisma.pageContent.findMany()` invocation:


error: Environment variable not found: DATABASE_URL.
  -->  schema.prisma:7
   | 
 6 |   provider = "sqlserver"
 7 |   url      = env("DATABASE_URL")
   | 

Validation Error Count: 1
prisma:error 
Invalid `prisma.pageContent.findMany()` invocation:


error: Environment variable not found: DATABASE_URL.
  -->  schema.prisma:7
   | 
 6 |   provider = "sqlserver"
 7 |   url      = env("DATABASE_URL")
   | 

Validation Error Count: 1
prisma:error 
Invalid `prisma.pageContent.findMany()` invocation:


error: Environment variable not found: DATABASE_URL.
  -->  schema.prisma:7
   | 
 6 |   provider = "sqlserver"
 7 |   url      = env("DATABASE_URL")
   | 

Validation Error Count: 1
prisma:error 
Invalid `prisma.pageContent.findMany()` invocation:


error: Environment variable not found: DATABASE_URL.
  -->  schema.prisma:7
   | 
 6 |   provider = "sqlserver"
 7 |   url      = env("DATABASE_URL")
   | 

Validation Error Count: 1
prisma:error 
Invalid `prisma.pageContent.findMany()` invocation:


error: Environment variable not found: DATABASE_URL.
  -->  schema.prisma:7
   | 
 6 |   provider = "sqlserver"
 7 |   url      = env("DATABASE_URL")
   | 

Validation Error Count: 1
✓ Generating static pages using 7 workers (32/32) in 1193ms
  Finalizing page optimization ...

Route (app)
┌ ○ /
├ ○ /_not-found
├ ƒ /admin
├ ƒ /admin/clientes
├ ƒ /admin/configuracoes
├ ƒ /admin/contactos
├ ƒ /admin/conteudo
├ ƒ /admin/disponibilidade
├ ƒ /admin/equipa
├ ƒ /admin/faq
├ ƒ /admin/galeria
├ ƒ /admin/login
├ ƒ /admin/marcacoes
├ ƒ /admin/servicos
├ ƒ /admin/testemunhos
├ ƒ /admin/utilizadores
├ ƒ /api/availability
├ ƒ /contactos
├ ○ /faq
├ ○ /galeria
├ ○ /manifest.webmanifest
├ ○ /marcacoes
├ ƒ /marcacoes/gerir/[token]
├ ƒ /marcacoes/sucesso
├ ○ /privacidade
├ ○ /robots.txt
├ ○ /servicos
├ ○ /sitemap.xml
├ ○ /sobre
├ ○ /termos
└ ○ /testemunhos


ƒ Proxy (Middleware)

○  (Static)   prerendered as static content
ƒ  (Dynamic)  server-rendered on demand

